[2025-02-14 11:43:45] [INFO] generate promptText::
{
  "query": "Initial Query: 我想设计一个爬山综艺，目标人群是 15-20 岁年轻人\n1.融入青年成长，自我突破等元素\n2.选取在年轻人中有号召力，自带流量的明星，给出中国大陆候选的 5 个男明星和 5 个女明星\n3.给出可能的剧本设定\nFollow-up Answers:\n\n1.聚焦在新一代年轻人，有想法有创新，能团队协作，能吃苦\n2.粉丝基础比较好，社交媒体的活跃度比较高的\n3.有剧本，但是得显得比较真实",
  "numQueries": 4,
  "promptText": "Given the following prompt from the user, generate a list of SERP queries to research the topic. Return a maximum of 4 queries, but feel free to return less if the original prompt is clear. Make sure each query is unique and not similar to each other: <prompt>Initial Query: 我想设计一个爬山综艺，目标人群是 15-20 岁年轻人\n1.融入青年成长，自我突破等元素\n2.选取在年轻人中有号召力，自带流量的明星，给出中国大陆候选的 5 个男明星和 5 个女明星\n3.给出可能的剧本设定\nFollow-up Answers:\n\n1.聚焦在新一代年轻人，有想法有创新，能团队协作，能吃苦\n2.粉丝基础比较好，社交媒体的活跃度比较高的\n3.有剧本，但是得显得比较真实</prompt>\n\nHere are some learnings from previous research, use them to generate more specific queries: ",
  "hasLearnings": true
}
[2025-02-14 11:43:54] [INFO] Generate SERP Queries Result:
{
  "queries": [
    "如何设计融合青年成长与自我突破元素的爬山综艺节目案例分析",
    "中国大陆15-20岁观众热门明星候选名单及粉丝基数分析 男明星与女明星推荐",
    "爬山综艺剧本设定：如何在真实体验中融入戏剧性与团队协作",
    "社交媒体活跃度与综艺节目吸引力：面向15-20岁年轻群体的案例与数据研究"
  ]
}
[2025-02-14 11:44:11] [INFO] process promptText2:
{
  "query": "如何设计融合青年成长与自我突破元素的爬山综艺节目案例分析",
  "contentsCount": 0,
  "promptText": "Given the following contents from a SERP search for the query <query>如何设计融合青年成长与自我突破元素的爬山综艺节目案例分析</query>, generate a list of learnings from the contents. Return a maximum of 2 learnings, but feel free to return less if the contents are clear. Make sure each learning is unique and not similar to each other. The learnings should be concise and to the point, as detailed and information dense as possible. Make sure to include any entities like people, places, companies, products, things, etc in the learnings, as well as any exact metrics, numbers, or dates. The learnings will be used to research the topic further.\n\n<contents></contents>"
}
[2025-02-14 11:44:34] [INFO] process promptText2:
{
  "query": "中国大陆15-20岁观众热门明星候选名单及粉丝基数分析 男明星与女明星推荐",
  "contentsCount": 0,
  "promptText": "Given the following contents from a SERP search for the query <query>中国大陆15-20岁观众热门明星候选名单及粉丝基数分析 男明星与女明星推荐</query>, generate a list of learnings from the contents. Return a maximum of 2 learnings, but feel free to return less if the contents are clear. Make sure each learning is unique and not similar to each other. The learnings should be concise and to the point, as detailed and information dense as possible. Make sure to include any entities like people, places, companies, products, things, etc in the learnings, as well as any exact metrics, numbers, or dates. The learnings will be used to research the topic further.\n\n<contents></contents>"
}
[2025-02-14 11:45:01] [INFO] process promptText2:
{
  "query": "爬山综艺剧本设定：如何在真实体验中融入戏剧性与团队协作",
  "contentsCount": 0,
  "promptText": "Given the following contents from a SERP search for the query <query>爬山综艺剧本设定：如何在真实体验中融入戏剧性与团队协作</query>, generate a list of learnings from the contents. Return a maximum of 2 learnings, but feel free to return less if the contents are clear. Make sure each learning is unique and not similar to each other. The learnings should be concise and to the point, as detailed and information dense as possible. Make sure to include any entities like people, places, companies, products, things, etc in the learnings, as well as any exact metrics, numbers, or dates. The learnings will be used to research the topic further.\n\n<contents></contents>"
}
[2025-02-14 11:45:26] [INFO] process promptText2:
{
  "query": "社交媒体活跃度与综艺节目吸引力：面向15-20岁年轻群体的案例与数据研究",
  "contentsCount": 0,
  "promptText": "Given the following contents from a SERP search for the query <query>社交媒体活跃度与综艺节目吸引力：面向15-20岁年轻群体的案例与数据研究</query>, generate a list of learnings from the contents. Return a maximum of 2 learnings, but feel free to return less if the contents are clear. Make sure each learning is unique and not similar to each other. The learnings should be concise and to the point, as detailed and information dense as possible. Make sure to include any entities like people, places, companies, products, things, etc in the learnings, as well as any exact metrics, numbers, or dates. The learnings will be used to research the topic further.\n\n<contents></contents>"
}
[2025-02-14 11:45:37] [INFO] writeFinalText:
{
  "contentsCount": 2469,
  "promptText": "Given the following prompt from the user, write a final report on the topic using the learnings from research and format it in proper Markdown. Use Markdown syntax (headings, lists, horizontal rules, etc.) to structure the document. Aim for a detailed report of at least 3 pages.\n\n<prompt>Initial Query: 我想设计一个爬山综艺，目标人群是 15-20 岁年轻人\n1.融入青年成长，自我突破等元素\n2.选取在年轻人中有号召力，自带流量的明星，给出中国大陆候选的 5 个男明星和 5 个女明星\n3.给出可能的剧本设定\nFollow-up Answers:\n\n1.聚焦在新一代年轻人，有想法有创新，能团队协作，能吃苦\n2.粉丝基础比较好，社交媒体的活跃度比较高的\n3.有剧本，但是得显得比较真实</prompt>\n\nHere are all the learnings from previous research:\n\n<learnings>\n<learning>\nThe SERP contents were not provided, preventing extraction of detailed insights on integrating youth growth and self-breakthrough themes in a hiking variety show.\n</learning>\n<learning>\nThe query targets a demographic analysis focused on Mainland China’s 15–20-year-old audience, aiming to identify popular celebrity candidates through metrics such as fan base sizes and engagement levels. The analysis appears structured to differentiate recommendations between male and female celebrities, implying distinct audience behaviors and marketing strategies.\n</learning>\n<learning>\nThe approach suggests the collection and segmentation of quantitative data (e.g., exact fan counts, popularity rankings, and engagement percentages) for each candidate, which serves as a basis for targeted content recommendations and further insights into youth consumer trends within China's entertainment sector.\n</learning>\n<learning>\nThe query suggests a focus on integrating authentic mountain climbing experiences with scripted dramatic elements in reality TV formats, emphasizing both the physical challenge and the inherent unpredictability of outdoor environments to heighten viewer engagement.\n</learning>\n<learning>\nA major theme is the strategic incorporation of team dynamics and collaboration into the show’s structure, ensuring that real experiential challenges are interwoven with well-defined narrative arcs to enhance both the authenticity and dramatic tension.\n</learning>\n<learning>\nThe query indicates a research framework that intends to quantitatively correlate social media engagement metrics—such as likes, shares, comments, and overall activity—with the attractiveness of variety shows targeting Chinese youth aged 15-20. This likely involves detailed data collection from platforms like Douyin, Weibo, and Bilibili, with potential thresholds or benchmarks (e.g., engagement rates exceeding certain percentages) identified as indicative of audience appeal.\n</learning>\n<learning>\nThe study appears poised to use case-specific analysis of successful variety show examples to elucidate effective cross-media strategies. This suggests a multidisciplinary approach, combining audience metrics (social media trends, viewer ratings) with qualitative assessments of program content, potentially tracking changes over time to assess how digital buzz translates into viewership for programs produced by major players in China’s entertainment industry.\n</learning>\n</learnings>"
}
